

================================================================
== Vivado HLS Report for 'CvtColor'
================================================================
* Date:           Mon Mar 30 11:11:50 2020

* Version:        2018.3 (Build 2405991 on Thu Dec 06 23:56:15 MST 2018)
* Project:        otsu_threshold
* Solution:       solution1
* Product family: zynq
* Target device:  xc7z020clg400-2


================================================================
== Performance Estimates
================================================================
+ Timing (ns): 
    * Summary: 
    +--------+-------+----------+------------+
    |  Clock | Target| Estimated| Uncertainty|
    +--------+-------+----------+------------+
    |ap_clk  |  10.00|    10.386|        1.25|
    +--------+-------+----------+------------+

+ Latency (clock cycles): 
    * Summary: 
    +-----+--------+-----+--------+---------+
    |    Latency   |   Interval   | Pipeline|
    | min |   max  | min |   max  |   Type  |
    +-----+--------+-----+--------+---------+
    |    1|  824001|    1|  824001|   none  |
    +-----+--------+-----+--------+---------+

    + Detail: 
        * Instance: 
        N/A

        * Loop: 
        +---------------+-----+--------+----------+-----------+-----------+----------+----------+
        |               |    Latency   | Iteration|  Initiation Interval  |   Trip   |          |
        |   Loop Name   | min |   max  |  Latency |  achieved |   target  |   Count  | Pipelined|
        +---------------+-----+--------+----------+-----------+-----------+----------+----------+
        |- loop_height  |    0|  824000| 3 ~ 1030 |          -|          -|  0 ~ 800 |    no    |
        | + loop_width  |    0|    1027|         5|          1|          1| 0 ~ 1024 |    yes   |
        +---------------+-----+--------+----------+-----------+-----------+----------+----------+



================================================================
== Utilization Estimates
================================================================
* Summary: 
+-----------------+---------+-------+--------+-------+
|       Name      | BRAM_18K| DSP48E|   FF   |  LUT  |
+-----------------+---------+-------+--------+-------+
|DSP              |        -|      3|       -|      -|
|Expression       |        -|      -|       0|    113|
|FIFO             |        -|      -|       -|      -|
|Instance         |        -|      -|       -|      -|
|Memory           |        -|      -|       -|      -|
|Multiplexer      |        -|      -|       -|     37|
|Register         |        0|      -|     309|     32|
+-----------------+---------+-------+--------+-------+
|Total            |        0|      3|     309|    182|
+-----------------+---------+-------+--------+-------+
|Available        |      280|    220|  106400|  53200|
+-----------------+---------+-------+--------+-------+
|Utilization (%)  |        0|      1|   ~0   |   ~0  |
+-----------------+---------+-------+--------+-------+

+ Detail: 
    * Instance: 
    N/A

    * DSP48: 
    +--------------------------+----------------------+--------------+
    |         Instance         |        Module        |  Expression  |
    +--------------------------+----------------------+--------------+
    |ov5640_otsu_thresbkb_U25  |ov5640_otsu_thresbkb  |    i0 * i1   |
    |ov5640_otsu_threscud_U26  |ov5640_otsu_threscud  | i0 + i1 * i2 |
    |ov5640_otsu_thresdEe_U27  |ov5640_otsu_thresdEe  | i0 * i1 + i2 |
    +--------------------------+----------------------+--------------+

    * Memory: 
    N/A

    * FIFO: 
    N/A

    * Expression: 
    +----------------------------------+----------+-------+---+----+------------+------------+
    |           Variable Name          | Operation| DSP48E| FF| LUT| Bitwidth P0| Bitwidth P1|
    +----------------------------------+----------+-------+---+----+------------+------------+
    |i_fu_226_p2                       |     +    |      0|  0|  31|          31|           1|
    |j_fu_241_p2                       |     +    |      0|  0|  31|          31|           1|
    |p_Val2_4_fu_279_p2                |     +    |      0|  0|   8|           8|           8|
    |ap_block_state7_pp0_stage0_iter4  |    and   |      0|  0|   1|           1|           1|
    |tmp_39_i_fu_236_p2                |   icmp   |      0|  0|  12|          32|          32|
    |tmp_i_fu_221_p2                   |   icmp   |      0|  0|  12|          32|          32|
    |ap_block_pp0_stage0_01001         |    or    |      0|  0|   1|           1|           1|
    |ap_block_state1                   |    or    |      0|  0|   1|           1|           1|
    |ap_block_state4_pp0_stage0_iter1  |    or    |      0|  0|   1|           1|           1|
    |deleted_zeros_fu_306_p2           |    or    |      0|  0|   1|           1|           1|
    |p_Val2_s_fu_312_p3                |  select  |      0|  0|   8|           1|           8|
    |ap_enable_pp0                     |    xor   |      0|  0|   2|           1|           2|
    |ap_enable_reg_pp0_iter1           |    xor   |      0|  0|   2|           2|           1|
    |rev_fu_292_p2                     |    xor   |      0|  0|   2|           1|           2|
    +----------------------------------+----------+-------+---+----+------------+------------+
    |Total                             |          |      0|  0| 113|         144|          92|
    +----------------------------------+----------+-------+---+----+------------+------------+

    * Multiplexer: 
    +-----------------------------+----+-----------+-----+-----------+
    |             Name            | LUT| Input Size| Bits| Total Bits|
    +-----------------------------+----+-----------+-----+-----------+
    |ap_NS_fsm                    |   4|          5|    1|          5|
    |ap_done                      |   3|          2|    1|          2|
    |ap_enable_reg_pp0_iter1      |   3|          2|    1|          2|
    |ap_enable_reg_pp0_iter4      |   3|          2|    1|          2|
    |i_i_reg_195                  |   3|          2|   31|         62|
    |j_i_reg_206                  |   3|          2|   31|         62|
    |p_dst_data_stream_V_blk_n    |   3|          2|    1|          2|
    |p_src_cols_V_blk_n           |   3|          2|    1|          2|
    |p_src_data_stream_0_V_blk_n  |   3|          2|    1|          2|
    |p_src_data_stream_1_V_blk_n  |   3|          2|    1|          2|
    |p_src_data_stream_2_V_blk_n  |   3|          2|    1|          2|
    |p_src_rows_V_blk_n           |   3|          2|    1|          2|
    +-----------------------------+----+-----------+-----+-----------+
    |Total                        |  37|         27|   72|        147|
    +-----------------------------+----+-----------+-----+-----------+

    * Register: 
    +------------------------------+----+----+-----+-----------+
    |             Name             | FF | LUT| Bits| Const Bits|
    +------------------------------+----+----+-----+-----------+
    |ap_CS_fsm                     |   4|   0|    4|          0|
    |ap_done_reg                   |   1|   0|    1|          0|
    |ap_enable_reg_pp0_iter0       |   1|   0|    1|          0|
    |ap_enable_reg_pp0_iter1       |   1|   0|    1|          0|
    |ap_enable_reg_pp0_iter2       |   1|   0|    1|          0|
    |ap_enable_reg_pp0_iter3       |   1|   0|    1|          0|
    |ap_enable_reg_pp0_iter4       |   1|   0|    1|          0|
    |cols_reg_345                  |  32|   0|   32|          0|
    |i_i_reg_195                   |  31|   0|   31|          0|
    |i_reg_359                     |  31|   0|   31|          0|
    |j_i_reg_206                   |  31|   0|   31|          0|
    |p_Val2_s_reg_393              |   8|   0|    8|          0|
    |r_V_i_i_reg_388               |  29|   0|   29|          0|
    |rows_reg_350                  |  32|   0|   32|          0|
    |tmp_19_reg_373                |   8|   0|    8|          0|
    |tmp_20_reg_378                |   8|   0|    8|          0|
    |tmp_20_reg_378_pp0_iter2_reg  |   8|   0|    8|          0|
    |tmp_21_reg_383                |   8|   0|    8|          0|
    |tmp_21_reg_383_pp0_iter2_reg  |   8|   0|    8|          0|
    |tmp_39_i_reg_364              |   1|   0|    1|          0|
    |tmp_39_i_reg_364              |  64|  32|    1|          0|
    +------------------------------+----+----+-----+-----------+
    |Total                         | 309|  32|  246|          0|
    +------------------------------+----+----+-----+-----------+



================================================================
== Interface
================================================================
* Summary: 
+-------------------------------+-----+-----+------------+-----------------------+--------------+
|           RTL Ports           | Dir | Bits|  Protocol  |     Source Object     |    C Type    |
+-------------------------------+-----+-----+------------+-----------------------+--------------+
|ap_clk                         |  in |    1| ap_ctrl_hs |        CvtColor       | return value |
|ap_rst                         |  in |    1| ap_ctrl_hs |        CvtColor       | return value |
|ap_start                       |  in |    1| ap_ctrl_hs |        CvtColor       | return value |
|ap_done                        | out |    1| ap_ctrl_hs |        CvtColor       | return value |
|ap_continue                    |  in |    1| ap_ctrl_hs |        CvtColor       | return value |
|ap_idle                        | out |    1| ap_ctrl_hs |        CvtColor       | return value |
|ap_ready                       | out |    1| ap_ctrl_hs |        CvtColor       | return value |
|p_src_rows_V_dout              |  in |   32|   ap_fifo  |      p_src_rows_V     |    pointer   |
|p_src_rows_V_empty_n           |  in |    1|   ap_fifo  |      p_src_rows_V     |    pointer   |
|p_src_rows_V_read              | out |    1|   ap_fifo  |      p_src_rows_V     |    pointer   |
|p_src_cols_V_dout              |  in |   32|   ap_fifo  |      p_src_cols_V     |    pointer   |
|p_src_cols_V_empty_n           |  in |    1|   ap_fifo  |      p_src_cols_V     |    pointer   |
|p_src_cols_V_read              | out |    1|   ap_fifo  |      p_src_cols_V     |    pointer   |
|p_src_data_stream_0_V_dout     |  in |    8|   ap_fifo  | p_src_data_stream_0_V |    pointer   |
|p_src_data_stream_0_V_empty_n  |  in |    1|   ap_fifo  | p_src_data_stream_0_V |    pointer   |
|p_src_data_stream_0_V_read     | out |    1|   ap_fifo  | p_src_data_stream_0_V |    pointer   |
|p_src_data_stream_1_V_dout     |  in |    8|   ap_fifo  | p_src_data_stream_1_V |    pointer   |
|p_src_data_stream_1_V_empty_n  |  in |    1|   ap_fifo  | p_src_data_stream_1_V |    pointer   |
|p_src_data_stream_1_V_read     | out |    1|   ap_fifo  | p_src_data_stream_1_V |    pointer   |
|p_src_data_stream_2_V_dout     |  in |    8|   ap_fifo  | p_src_data_stream_2_V |    pointer   |
|p_src_data_stream_2_V_empty_n  |  in |    1|   ap_fifo  | p_src_data_stream_2_V |    pointer   |
|p_src_data_stream_2_V_read     | out |    1|   ap_fifo  | p_src_data_stream_2_V |    pointer   |
|p_dst_data_stream_V_din        | out |    8|   ap_fifo  |  p_dst_data_stream_V  |    pointer   |
|p_dst_data_stream_V_full_n     |  in |    1|   ap_fifo  |  p_dst_data_stream_V  |    pointer   |
|p_dst_data_stream_V_write      | out |    1|   ap_fifo  |  p_dst_data_stream_V  |    pointer   |
+-------------------------------+-----+-----+------------+-----------------------+--------------+

